// Jest Snapshot v1, https://goo.gl/fbAQLP

exports[`alphax base 1`] = `
Object {
  "index.ts": " ==== source name is index.js
",
  "lib2": null,
  "lib2/core": null,
  "lib2/core/core.ts": " ==== source name is core.js
",
  "lib2/lib.ts": " ==== source name is lib.js
",
}
`;

exports[`alphax cwd 1`] = `
Object {
  "index.ts": " ==== source name is index.js
",
  "lib2": null,
  "lib2/core": null,
  "lib2/core/core.ts": " ==== source name is core.js
",
  "lib2/lib.ts": " ==== source name is lib.js
",
}
`;

exports[`alphax filter function - 1 1`] = `
Object {
  "index.js": "index.js: index.js
",
  "lib": null,
  "lib/core": null,
  "lib/core/core.js": "lib/core/core.js: core.js
",
  "lib/lib.js": "lib/lib.js: lib.js
",
  "lib/util": null,
  "lib/util/util.js": "lib/util/util.js: util.js
",
}
`;

exports[`alphax filter function - 2 1`] = `
Object {
  "style": null,
  "style/index.css": "style/index.css: index.css
",
}
`;
